// Jest Snapshot v1, https://goo.gl/fbAQLP

exports[`Test the Button component Button Matches Snapshot 1`] = `
<button>
  Add expense
</button>
`;

exports[`Test the Button component Button Matches Snapshot 2`] = `
<button>
  Add expense
</button>
`;
